<?xml version="1.0" encoding="utf-8"?><testsuites name="pytest tests"><testsuite name="pytest" errors="0" failures="0" skipped="0" tests="13" time="78.058" timestamp="2026-06-14T18:49:00.957783+00:00" hostname="all-in-one-37-vci-rdq8c"><testcase classname="tests.benchmark_test" name="test_concurrent_chat_requests" time="27.164" /><testcase classname="tests.benchmark_test" name="test_rapid_sequential_requests" time="48.363" /><testcase classname="tests.benchmark_test" name="test_memory_search_performance" time="0.300" /><testcase classname="tests.benchmark_test" name="test_skills_endpoint_performance" time="0.301" /><testcase classname="tests.benchmark_test" name="test_metrics_endpoint_performance" time="0.315" /><testcase classname="tests.e2e_test" name="test_rest_api_health" time="0.095" /><testcase classname="tests.e2e_test" name="test_skills_list" time="0.084" /><testcase classname="tests.e2e_test" name="test_metrics" time="0.085" /><testcase classname="tests.e2e_test" name="test_web_ui" time="0.097" /><testcase classname="tests.e2e_test" name="test_monitor_dashboard" time="0.087" /><testcase classname="tests.e2e_test" name="test_memory_search" time="0.093" /><testcase classname="tests.e2e_test" name="test_chat_endpoint" time="0.892" /><testcase classname="tests.e2e_test" name="test_settings_page" time="0.089" /></testsuite></testsuites>